../Core/Src/main.c:133:5:main	48	static
../Core/Src/main.c:224:6:SystemClock_Config	120	static
../Core/Src/main.c:286:6:PeriphCommonClock_Config	200	static
../Core/Src/main.c:313:13:MX_ADC1_Init	48	static
../Core/Src/main.c:381:13:MX_ADC2_Init	40	static
../Core/Src/main.c:440:13:MX_ADC3_Init	40	static
../Core/Src/main.c:498:13:MX_ETH_Init	8	static
../Core/Src/main.c:547:13:MX_FDCAN1_Init	8	static
../Core/Src/main.c:600:13:MX_FDCAN2_Init	8	static
../Core/Src/main.c:653:13:MX_LTDC_Init	112	static
../Core/Src/main.c:735:13:MX_QUADSPI_Init	8	static
../Core/Src/main.c:770:13:MX_RTC_Init	8	static
../Core/Src/main.c:806:13:MX_SAI2_Init	8	static
../Core/Src/main.c:887:13:MX_SDMMC1_MMC_Init	8	static
../Core/Src/main.c:918:13:MX_SPI2_Init	8	static
../Core/Src/main.c:966:13:MX_USART2_UART_Init	8	static
../Core/Src/main.c:1014:13:MX_USART3_UART_Init	8	static
../Core/Src/main.c:1062:13:MX_USB_OTG_FS_PCD_Init	8	static
../Core/Src/main.c:1094:13:MX_FMC_Init	40	static
../Core/Src/main.c:1145:13:MX_GPIO_Init	72	static
../Core/Src/main.c:1285:6:StartDefaultTask	16	static
../Core/Src/main.c:1300:6:Error_Handler	4	static,ignoring_inline_asm
