../Core/Src/stm32h7xx_hal_msp.c:64:6:HAL_MspInit	16	static
../Core/Src/stm32h7xx_hal_msp.c:89:6:HAL_ADC_MspInit	72	static
../Core/Src/stm32h7xx_hal_msp.c:191:6:HAL_ADC_MspDeInit	16	static
../Core/Src/stm32h7xx_hal_msp.c:262:6:HAL_ETH_MspInit	80	static
../Core/Src/stm32h7xx_hal_msp.c:364:6:HAL_ETH_MspDeInit	16	static
../Core/Src/stm32h7xx_hal_msp.c:425:6:HAL_FDCAN_MspInit	248	static
../Core/Src/stm32h7xx_hal_msp.c:512:6:HAL_FDCAN_MspDeInit	16	static
../Core/Src/stm32h7xx_hal_msp.c:565:6:HAL_LTDC_MspInit	256	static
../Core/Src/stm32h7xx_hal_msp.c:674:6:HAL_LTDC_MspDeInit	16	static
../Core/Src/stm32h7xx_hal_msp.c:740:6:HAL_QSPI_MspInit	248	static
../Core/Src/stm32h7xx_hal_msp.c:814:6:HAL_QSPI_MspDeInit	16	static
../Core/Src/stm32h7xx_hal_msp.c:851:6:HAL_RTC_MspInit	208	static
../Core/Src/stm32h7xx_hal_msp.c:884:6:HAL_RTC_MspDeInit	16	static
../Core/Src/stm32h7xx_hal_msp.c:906:6:HAL_MMC_MspInit	248	static
../Core/Src/stm32h7xx_hal_msp.c:978:6:HAL_MMC_MspDeInit	16	static
../Core/Src/stm32h7xx_hal_msp.c:1020:6:HAL_SPI_MspInit	248	static
../Core/Src/stm32h7xx_hal_msp.c:1092:6:HAL_SPI_MspDeInit	16	static
../Core/Src/stm32h7xx_hal_msp.c:1127:6:HAL_UART_MspInit	248	static
../Core/Src/stm32h7xx_hal_msp.c:1208:6:HAL_UART_MspDeInit	16	static
../Core/Src/stm32h7xx_hal_msp.c:1255:6:HAL_PCD_MspInit	240	static
../Core/Src/stm32h7xx_hal_msp.c:1311:6:HAL_PCD_MspDeInit	16	static
../Core/Src/stm32h7xx_hal_msp.c:1337:13:HAL_FMC_MspInit	232	static
../Core/Src/stm32h7xx_hal_msp.c:1446:6:HAL_SDRAM_MspInit	16	static
../Core/Src/stm32h7xx_hal_msp.c:1458:13:HAL_FMC_MspDeInit	8	static
../Core/Src/stm32h7xx_hal_msp.c:1530:6:HAL_SDRAM_MspDeInit	16	static
../Core/Src/stm32h7xx_hal_msp.c:1542:6:HAL_SAI_MspInit	240	static
../Core/Src/stm32h7xx_hal_msp.c:1613:6:HAL_SAI_MspDeInit	16	static
